
> ai-social-good-hackathon@0.0.0 build
> vite build

vite v8.0.0 building client environment for production...
[2Ktransforming...✓ 3008 modules transformed.
rendering chunks...
computing gzip size...
dist/index.html                   0.73 kB │ gzip:   0.40 kB
dist/assets/index-Chs-qSox.css   20.80 kB │ gzip:   4.71 kB
dist/assets/index-C1skGxer.js   835.99 kB │ gzip: 261.00 kB

[plugin builtin:vite-reporter] 
(!) Some chunks are larger than 500 kB after minification. Consider:
- Using dynamic import() to code-split the application
- Use build.rolldownOptions.output.codeSplitting to improve chunking: https://rolldown.rs/reference/OutputOptions.codeSplitting
- Adjust chunk size limit for this warning via build.chunkSizeWarningLimit.
✗ Build failed in 373ms
error during build:
Build failed with 1 error:

Error: [vite]: Rolldown failed to resolve import "prop-types" from "/Users/celinechristory/Documents/AI Social Good Hackathon/node_modules/react-simple-maps/dist/index.umd.js".
This is most likely unintended because it can break your application at runtime.
If you do want to externalize this module explicitly add it to
`build.rollupOptions.external`
    at viteLog (file:///Users/celinechristory/Documents/AI%20Social%20Good%20Hackathon/node_modules/vite/dist/node/chunks/node.js:32887:57)
    at file:///Users/celinechristory/Documents/AI%20Social%20Good%20Hackathon/node_modules/vite/dist/node/chunks/node.js:32923:71
    at onwarn (file:///Users/celinechristory/Documents/AI%20Social%20Good%20Hackathon/node_modules/@vitejs/plugin-react/dist/index.js:40:7)
    at file:///Users/celinechristory/Documents/AI%20Social%20Good%20Hackathon/node_modules/vite/dist/node/chunks/node.js:32923:28
    at onRollupLog (file:///Users/celinechristory/Documents/AI%20Social%20Good%20Hackathon/node_modules/vite/dist/node/chunks/node.js:32918:63)
    at onLog (file:///Users/celinechristory/Documents/AI%20Social%20Good%20Hackathon/node_modules/vite/dist/node/chunks/node.js:32688:4)
    at file:///Users/celinechristory/Documents/AI%20Social%20Good%20Hackathon/node_modules/rolldown/dist/shared/rolldown-build-4YnQkA76.mjs:49:26
    at logger (file:///Users/celinechristory/Documents/AI%20Social%20Good%20Hackathon/node_modules/rolldown/dist/shared/rolldown-build-4YnQkA76.mjs:40:3)
    at onLog (file:///Users/celinechristory/Documents/AI%20Social%20Good%20Hackathon/node_modules/rolldown/dist/shared/bindingify-input-options-Cu7pt6SZ.mjs:1945:32)
    at aggregateBindingErrorsIntoJsError (file:///Users/celinechristory/Documents/AI%20Social%20Good%20Hackathon/node_modules/rolldown/dist/shared/error-CP8smW_P.mjs:48:18)
    at unwrapBindingResult (file:///Users/celinechristory/Documents/AI%20Social%20Good%20Hackathon/node_modules/rolldown/dist/shared/error-CP8smW_P.mjs:18:128)
    at #build (file:///Users/celinechristory/Documents/AI%20Social%20Good%20Hackathon/node_modules/rolldown/dist/shared/rolldown-build-4YnQkA76.mjs:3311:34)
    at async buildEnvironment (file:///Users/celinechristory/Documents/AI%20Social%20Good%20Hackathon/node_modules/vite/dist/node/chunks/node.js:32794:64)
    at async Object.build (file:///Users/celinechristory/Documents/AI%20Social%20Good%20Hackathon/node_modules/vite/dist/node/chunks/node.js:33216:19)
    at async Object.buildApp (file:///Users/celinechristory/Documents/AI%20Social%20Good%20Hackathon/node_modules/vite/dist/node/chunks/node.js:33213:153)
    at async CAC.<anonymous> (file:///Users/celinechristory/Documents/AI%20Social%20Good%20Hackathon/node_modules/vite/dist/node/cli.js:778:3) {
  errors: [Getter/Setter]
}
